---
add:
  - use-source
  - use-cachi2
removeWorkspaces:
  - workspace
removeVolumes:
  - source-build-work-place
regexReplacements:
  \/var\/source-build: /var/workdir
  \/workspace\/workspace: /var/workdir
preferStepTemplate: true
replacements:
  workspaces.workspace.path: /var/workdir
